Abkhazian	inst=http://dbpedia.org/resource/Abkhazia
Abkhaz	inst=http://dbpedia.org/resource/Abkhazia
Afghan	inst=http://dbpedia.org/resource/Afghanistan
Albanian	inst=http://dbpedia.org/resource/Albania
Algerian	inst=http://dbpedia.org/resource/Algeria
American	inst=http://dbpedia.org/resource/United_States
American Samoan	inst=http://dbpedia.org/resource/American_Samoa
Andorran	inst=http://dbpedia.org/resource/Andorra
Angolan	inst=http://dbpedia.org/resource/Angola
Anguillan	inst=http://dbpedia.org/resource/Anguilla
Antiguan	inst=http://dbpedia.org/resource/Antigua_and_Barbuda
Argentinean	inst=http://dbpedia.org/resource/Argentina
Argentine	inst=http://dbpedia.org/resource/Argentina
Argentinian	inst=http://dbpedia.org/resource/Argentina
Armenian	inst=http://dbpedia.org/resource/Armenia
Aruban	inst=http://dbpedia.org/resource/Aruba
Australian	inst=http://dbpedia.org/resource/Australia
Austrian	inst=http://dbpedia.org/resource/Austria
Azerbaijani	inst=http://dbpedia.org/resource/Azerbaijan
Azeri	inst=http://dbpedia.org/resource/Azerbaijan
Bahamian	inst=http://dbpedia.org/resource/Bahamas
Bahraini	inst=http://dbpedia.org/resource/Bahrain
Bajan	inst=http://dbpedia.org/resource/Barbados
Bangladeshi	inst=http://dbpedia.org/resource/Bangladesh
Barbadian	inst=http://dbpedia.org/resource/Barbados
Barbudan	inst=http://dbpedia.org/resource/Antigua_and_Barbuda
Basotho	inst=http://dbpedia.org/resource/Lesotho
Batswana	inst=http://dbpedia.org/resource/Botswana
Belarusian	inst=http://dbpedia.org/resource/Belarus
Belgian	inst=http://dbpedia.org/resource/Belgium
Belizean	inst=http://dbpedia.org/resource/Belize
Beninese	inst=http://dbpedia.org/resource/Benin
Beninois	inst=http://dbpedia.org/resource/Benin
Bermudan	inst=http://dbpedia.org/resource/Bermuda
Bermudian	inst=http://dbpedia.org/resource/Bermuda
Bhutanese	inst=http://dbpedia.org/resource/Bhutan
Bolivian	inst=http://dbpedia.org/resource/Bolivia
Bosniak	inst=http://dbpedia.org/resource/Bosnia_and_Herzegovina
Bosnian	inst=http://dbpedia.org/resource/Bosnia_and_Herzegovina
Botswanan	inst=http://dbpedia.org/resource/Botswana
Brazilian	inst=http://dbpedia.org/resource/Brazil
British	inst=http://dbpedia.org/resource/Great_Britain
British	inst=http://dbpedia.org/resource/United_Kingdom
British Virgin Island	inst=http://dbpedia.org/resource/British_Virgin_Islands
Bruneian	inst=http://dbpedia.org/resource/Brunei
Bulgarian	inst=http://dbpedia.org/resource/Bulgaria
Burkinabé	inst=http://dbpedia.org/resource/Burkina_Faso
Burkinabè	inst=http://dbpedia.org/resource/Burkina_Faso
Burmese	inst=http://dbpedia.org/resource/Burma
Burundian	inst=http://dbpedia.org/resource/Burundi
Cambodian	inst=http://dbpedia.org/resource/Cambodia
Cameroonian	inst=http://dbpedia.org/resource/Cameroon
Canadian	inst=http://dbpedia.org/resource/Canada
Caymanian	inst=http://dbpedia.org/resource/Cayman_Islands
Central African	inst=http://dbpedia.org/resource/Central_African_Republic
Chadian	inst=http://dbpedia.org/resource/Chad
Chilean	inst=http://dbpedia.org/resource/Chile
Chinese	inst=http://dbpedia.org/resource/Macau
Chinese	inst=http://dbpedia.org/resource/People%27s_Republic_of_China
Christmas Island	inst=http://dbpedia.org/resource/Christmas_Island
Cocos Island	inst=http://dbpedia.org/resource/Cocos_%28Keeling%29_Islands
Colombian	inst=http://dbpedia.org/resource/Colombia
Comorian	inst=http://dbpedia.org/resource/Comoros
Congo	inst=http://dbpedia.org/resource/Democratic_Republic_of_the_Congo
Congo	inst=http://dbpedia.org/resource/Republic_of_the_Congo
Congolese	inst=http://dbpedia.org/resource/Democratic_Republic_of_the_Congo
Congolese	inst=http://dbpedia.org/resource/Republic_of_the_Congo
Cook Island	inst=http://dbpedia.org/resource/Cook_Islands
Cook Islands	inst=http://dbpedia.org/resource/Cook_Islands
Costa Rican	inst=http://dbpedia.org/resource/Costa_Rica
Croatian	inst=http://dbpedia.org/resource/Croatia
Cuban	inst=http://dbpedia.org/resource/Cuba
Cypriot	inst=http://dbpedia.org/resource/Cyprus
Czech	inst=http://dbpedia.org/resource/Czech_Republic
Danish	inst=http://dbpedia.org/resource/Denmark
Djiboutian	inst=http://dbpedia.org/resource/Djibouti
Dominican	inst=http://dbpedia.org/resource/Dominica
Dominican	inst=http://dbpedia.org/resource/Dominican_Republic
Dutch	inst=http://dbpedia.org/resource/Netherlands
Ecuadorian	inst=http://dbpedia.org/resource/Ecuador
Egyptian	inst=http://dbpedia.org/resource/Egypt
Emirati	inst=http://dbpedia.org/resource/United_Arab_Emirates
Emirian	inst=http://dbpedia.org/resource/United_Arab_Emirates
English	inst=http://dbpedia.org/resource/England
Equatoguinean	inst=http://dbpedia.org/resource/Equatorial_Guinea
Equatorial Guinean	inst=http://dbpedia.org/resource/Equatorial_Guinea
Eritrean	inst=http://dbpedia.org/resource/Eritrea
Estonian	inst=http://dbpedia.org/resource/Estonia
Ethiopian	inst=http://dbpedia.org/resource/Ethiopia
Falkland Island	inst=http://dbpedia.org/resource/Falkland_Islands
Faroese	inst=http://dbpedia.org/resource/Faroe_Islands
Fijian	inst=http://dbpedia.org/resource/Fiji
Filipina	inst=http://dbpedia.org/resource/Philippines
Filipino	inst=http://dbpedia.org/resource/Philippines
Finnish	inst=http://dbpedia.org/resource/Finland
French Guianese	inst=http://dbpedia.org/resource/French_Guiana
French	inst=http://dbpedia.org/resource/France
French Polynesian	inst=http://dbpedia.org/resource/French_Polynesia
Futunan	inst=http://dbpedia.org/resource/Wallis_and_Futuna
Gabonese	inst=http://dbpedia.org/resource/Gabon
Gambian	inst=http://dbpedia.org/resource/Gambia
Georgian	inst=http://dbpedia.org/resource/Georgia
German	inst=http://dbpedia.org/resource/Germany
Ghanaian	inst=http://dbpedia.org/resource/Ghana
Gibraltar	inst=http://dbpedia.org/resource/Gibraltar
Grecian	inst=http://dbpedia.org/resource/Greece
Greek	inst=http://dbpedia.org/resource/Greece
Greenlandic	inst=http://dbpedia.org/resource/Greenland
Grenadian	inst=http://dbpedia.org/resource/Grenada
Guadeloupe	inst=http://dbpedia.org/resource/Guadeloupe
Guamanian	inst=http://dbpedia.org/resource/Guam
Guambat	inst=http://dbpedia.org/resource/Guam
Guatemalan	inst=http://dbpedia.org/resource/Guatemala
Guinean	inst=http://dbpedia.org/resource/Guinea
Guinean	inst=http://dbpedia.org/resource/Guinea-Bissau
Guyanese	inst=http://dbpedia.org/resource/Guyana
Haitian	inst=http://dbpedia.org/resource/Haiti
Hellenic	inst=http://dbpedia.org/resource/Greece
Herzegovinian	inst=http://dbpedia.org/resource/Bosnia_and_Herzegovina
Honduran	inst=http://dbpedia.org/resource/Honduras
Hongkongese	inst=http://dbpedia.org/resource/Hong_Kong
Hong Kong	inst=http://dbpedia.org/resource/Hong_Kong
Hungarian	inst=http://dbpedia.org/resource/Hungary
Icelandic	inst=http://dbpedia.org/resource/Iceland
I-Kiribati	inst=http://dbpedia.org/resource/Kiribati
Indian	inst=http://dbpedia.org/resource/India
Indonesian	inst=http://dbpedia.org/resource/Indonesia
Iranian	inst=http://dbpedia.org/resource/Iran
Iraqi	inst=http://dbpedia.org/resource/Iraq
Irish	inst=http://dbpedia.org/resource/Ireland
Irish	inst=http://dbpedia.org/resource/Republic_of_Ireland
Israeli	inst=http://dbpedia.org/resource/Israel
Italian	inst=http://dbpedia.org/resource/Italy
Italic	inst=http://dbpedia.org/resource/Italy
Ivorian	inst=http://dbpedia.org/resource/C%C3%B4te_d%27Ivoire
Jamaican	inst=http://dbpedia.org/resource/Jamaica
Japanese	inst=http://dbpedia.org/resource/Japan
Jordanian	inst=http://dbpedia.org/resource/Jordan
Kazakh	inst=http://dbpedia.org/resource/Kazakhstan
Kazakhstani	inst=http://dbpedia.org/resource/Kazakhstan
Kenyan	inst=http://dbpedia.org/resource/Kenya
Kirghiz	inst=http://dbpedia.org/resource/Kyrgyzstan
Kirgiz	inst=http://dbpedia.org/resource/Kyrgyzstan
Kittitian	inst=http://dbpedia.org/resource/St._Kitts_and_Nevis
Kosovan	inst=http://dbpedia.org/resource/Kosovo
Kosovar	inst=http://dbpedia.org/resource/Kosovo
Kuwaiti	inst=http://dbpedia.org/resource/Kuwait
Kyrgyz	inst=http://dbpedia.org/resource/Kyrgyzstan
Kyrgyzstani	inst=http://dbpedia.org/resource/Kyrgyzstan
Lao	inst=http://dbpedia.org/resource/Laos
Laotian	inst=http://dbpedia.org/resource/Laos
Latvian	inst=http://dbpedia.org/resource/Latvia
Lebanese	inst=http://dbpedia.org/resource/Lebanon
Liberian	inst=http://dbpedia.org/resource/Liberia
Libyan	inst=http://dbpedia.org/resource/Libya
Liechtenstein	inst=http://dbpedia.org/resource/Liechtenstein
Lithuanian	inst=http://dbpedia.org/resource/Lithuania
Luxembourg	inst=http://dbpedia.org/resource/Luxembourg
Luxembourgish	inst=http://dbpedia.org/resource/Luxembourg
Macanese	inst=http://dbpedia.org/resource/Macau
Macedonian	inst=http://dbpedia.org/resource/Republic_of_Macedonia
Magyar	inst=http://dbpedia.org/resource/Hungary
Mahoran	inst=http://dbpedia.org/resource/Mayotte
Malagasy	inst=http://dbpedia.org/resource/Madagascar
Malawian	inst=http://dbpedia.org/resource/Malawi
Malaysian	inst=http://dbpedia.org/resource/Malaysia
Maldivian	inst=http://dbpedia.org/resource/Maldives
Malian	inst=http://dbpedia.org/resource/Mali
Maltese	inst=http://dbpedia.org/resource/Malta
Manx	inst=http://dbpedia.org/resource/Isle_of_Man
Marshallese	inst=http://dbpedia.org/resource/Marshall_Islands
Martinican	inst=http://dbpedia.org/resource/Martinique
Martiniquais	inst=http://dbpedia.org/resource/Martinique
Mauritanian	inst=http://dbpedia.org/resource/Mauritania
Mauritian	inst=http://dbpedia.org/resource/Mauritius
Mexican	inst=http://dbpedia.org/resource/Mexico
Micronesian	inst=http://dbpedia.org/resource/Micronesia
Miquelonnais	inst=http://dbpedia.org/resource/Saint-Pierre_and_Miquelon
Moldovan	inst=http://dbpedia.org/resource/Moldova
Monacan	inst=http://dbpedia.org/resource/Monaco
Monégasque	inst=http://dbpedia.org/resource/Monaco
Mongolian	inst=http://dbpedia.org/resource/Mongolia
Montenegrin	inst=http://dbpedia.org/resource/Montenegro
Montserratian	inst=http://dbpedia.org/resource/Montserrat
Moroccan	inst=http://dbpedia.org/resource/Morocco
Motswana	inst=http://dbpedia.org/resource/Botswana
Mozambican	inst=http://dbpedia.org/resource/Mozambique
Namibian	inst=http://dbpedia.org/resource/Namibia
Nauruan	inst=http://dbpedia.org/resource/Nauru
Nepalese	inst=http://dbpedia.org/resource/Nepal
Nepali	inst=http://dbpedia.org/resource/Nepal
Nevisian	inst=http://dbpedia.org/resource/St._Kitts_and_Nevis
New Caledonian	inst=http://dbpedia.org/resource/New_Caledonia
New Zealand	inst=http://dbpedia.org/resource/New_Zealand
Nicaraguan	inst=http://dbpedia.org/resource/Nicaragua
Nigerian	inst=http://dbpedia.org/resource/Nigeria
Nigerien	inst=http://dbpedia.org/resource/Niger
Niuean	inst=http://dbpedia.org/resource/Niue
Ni-Vanuatu	inst=http://dbpedia.org/resource/Vanuatu
Northern Irish	inst=http://dbpedia.org/resource/Northern_Ireland
Northern Marianan	inst=http://dbpedia.org/resource/Northern_Marianas
North Korean	inst=http://dbpedia.org/resource/North_Korea
Norwegian	inst=http://dbpedia.org/resource/Norway
Omani	inst=http://dbpedia.org/resource/Oman
Pakistani	inst=http://dbpedia.org/resource/Pakistan
Palauan	inst=http://dbpedia.org/resource/Palau
Palestinian	inst=http://dbpedia.org/resource/Palestine
Panamanian	inst=http://dbpedia.org/resource/Panama
Papua New Guinean	inst=http://dbpedia.org/resource/Papua_New_Guinea
Papuan	inst=http://dbpedia.org/resource/Papua_New_Guinea
Paraguayan	inst=http://dbpedia.org/resource/Paraguay
Persian	inst=http://dbpedia.org/resource/Iran
Peruvian	inst=http://dbpedia.org/resource/Peru
Philippine	inst=http://dbpedia.org/resource/Philippines
Pitcairn Island	inst=http://dbpedia.org/resource/Pitcairn_Island
Polish	inst=http://dbpedia.org/resource/Poland
Portuguese	inst=http://dbpedia.org/resource/Portugal
Puerto Rican	inst=http://dbpedia.org/resource/Puerto_Rico
Qatari	inst=http://dbpedia.org/resource/Qatar
Réunionese	inst=http://dbpedia.org/resource/R%C3%A9union
Réunionnais	inst=http://dbpedia.org/resource/R%C3%A9union
Romanian	inst=http://dbpedia.org/resource/Romania
Russian	inst=http://dbpedia.org/resource/Russia
Rwandan	inst=http://dbpedia.org/resource/Rwanda
Sahraouian	inst=http://dbpedia.org/resource/Western_Sahara
Sahrawian	inst=http://dbpedia.org/resource/Western_Sahara
Sahraw	inst=http://dbpedia.org/resource/Western_Sahara
Saint-Pierrais	inst=http://dbpedia.org/resource/Saint-Pierre_and_Miquelon
Salvadoran	inst=http://dbpedia.org/resource/El_Salvador
Sammarinese	inst=http://dbpedia.org/resource/San_Marino
Samoan	inst=http://dbpedia.org/resource/Samoa
São Toméan	inst=http://dbpedia.org/resource/S%C3%A3o_Tom%C3%A9_and_Pr%C3%ADncipe
Saudi Arabian	inst=http://dbpedia.org/resource/Saudi_Arabia
Saudi	inst=http://dbpedia.org/resource/Saudi_Arabia
Scotch	inst=http://dbpedia.org/resource/Scotland
Scots	inst=http://dbpedia.org/resource/Scotland
Scottish	inst=http://dbpedia.org/resource/Scotland
Senegalese	inst=http://dbpedia.org/resource/Senegal
Serbian	inst=http://dbpedia.org/resource/Serbia
Seychellois	inst=http://dbpedia.org/resource/Seychelles
Sierra Leonean	inst=http://dbpedia.org/resource/Sierra_Leone
Singaporean	inst=http://dbpedia.org/resource/Singapore
Slovak	inst=http://dbpedia.org/resource/Slovakia
Slovene	inst=http://dbpedia.org/resource/Slovenia
Slovenian	inst=http://dbpedia.org/resource/Slovenia
Solomon Island	inst=http://dbpedia.org/resource/Solomon_Islands
Somalian	inst=http://dbpedia.org/resource/Somalia
Somali	inst=http://dbpedia.org/resource/Somalia
South African	inst=http://dbpedia.org/resource/South_Africa
Southern Irish	inst=http://dbpedia.org/resource/Republic_of_Ireland
South Korean	inst=http://dbpedia.org/resource/South_Korea
South Ossetian	inst=http://dbpedia.org/resource/South_Ossetia
South Sudanese	inst=http://dbpedia.org/resource/South_Sudan
Spanish	inst=http://dbpedia.org/resource/Spain
Sri Lankan	inst=http://dbpedia.org/resource/Sri_Lanka
St. Helenian	inst=http://dbpedia.org/resource/St._Helena
St. Lucian	inst=http://dbpedia.org/resource/St._Lucia
St. Vincentian	inst=http://dbpedia.org/resource/St._Vincent_and_the_Grenadines
Sudanese	inst=http://dbpedia.org/resource/Sudan
Surinamese	inst=http://dbpedia.org/resource/Surinam
Swazi	inst=http://dbpedia.org/resource/Swaziland
Swedish	inst=http://dbpedia.org/resource/Sweden
Swiss	inst=http://dbpedia.org/resource/Switzerland
Syrian	inst=http://dbpedia.org/resource/Syria
Taiwanese	inst=http://dbpedia.org/resource/Taiwan
Tajikistani	inst=http://dbpedia.org/resource/Tajikistan
Tanzanian	inst=http://dbpedia.org/resource/Tanzania
Thai	inst=http://dbpedia.org/resource/Thailand
Timorese	inst=http://dbpedia.org/resource/East_Timor
Tobagonian	inst=http://dbpedia.org/resource/Trinidad_and_Tobago
Togolese	inst=http://dbpedia.org/resource/Togo
Tongan	inst=http://dbpedia.org/resource/Tonga
Trinidadian	inst=http://dbpedia.org/resource/Trinidad_and_Tobago
Tunisian	inst=http://dbpedia.org/resource/Tunisia
Turkish	inst=http://dbpedia.org/resource/Turkey
Turkmen	inst=http://dbpedia.org/resource/Turkmenistan
Turks and Caicos Islands	inst=http://dbpedia.org/resource/Turks_and_Caicos_Islands
Tuvaluan	inst=http://dbpedia.org/resource/Tuvalu
Ugandan	inst=http://dbpedia.org/resource/Uganda
Ukrainian	inst=http://dbpedia.org/resource/Ukraine
Uruguayan	inst=http://dbpedia.org/resource/Uruguay
U.S.	inst=http://dbpedia.org/resource/United_States
Uzbek	inst=http://dbpedia.org/resource/Uzbekistan
Uzbekistani	inst=http://dbpedia.org/resource/Uzbekistan
Vanuatuan	inst=http://dbpedia.org/resource/Vanuatu
Venezuelan	inst=http://dbpedia.org/resource/Venezuela
Vietnamese	inst=http://dbpedia.org/resource/Vietnam
Vincentian	inst=http://dbpedia.org/resource/St._Vincent_and_the_Grenadines
Virgin Island	inst=http://dbpedia.org/resource/Virgin_Islands
Wallisian	inst=http://dbpedia.org/resource/Wallis_and_Futuna
Welsh	inst=http://dbpedia.org/resource/Wales
Yemeni	inst=http://dbpedia.org/resource/Yemen
Zambian	inst=http://dbpedia.org/resource/Zambia
Zimbabwean	inst=http://dbpedia.org/resource/Zimbabwe
