Abkhazians	inst=http://dbpedia.org/resource/Abkhazia
Afghans	inst=http://dbpedia.org/resource/Afghanistan
Albanians	inst=http://dbpedia.org/resource/Albania
Algerians	inst=http://dbpedia.org/resource/Algeria
American Samoans	inst=http://dbpedia.org/resource/American_Samoa
Americans	inst=http://dbpedia.org/resource/United_States
Andorrans	inst=http://dbpedia.org/resource/Andorra
Angolans	inst=http://dbpedia.org/resource/Angola
Anguillans	inst=http://dbpedia.org/resource/Anguilla
Antiguans	inst=http://dbpedia.org/resource/Antigua_and_Barbuda
Argentineans	inst=http://dbpedia.org/resource/Argentina
Argentines	inst=http://dbpedia.org/resource/Argentina
Argentinians	inst=http://dbpedia.org/resource/Argentina
Armenians	inst=http://dbpedia.org/resource/Armenia
Arubans	inst=http://dbpedia.org/resource/Aruba
Australians	inst=http://dbpedia.org/resource/Australia
Austrians	inst=http://dbpedia.org/resource/Austria
Azerbaijanis	inst=http://dbpedia.org/resource/Azerbaijan
Azeris	inst=http://dbpedia.org/resource/Azerbaijan
Bahamians	inst=http://dbpedia.org/resource/Bahamas
Bahrainis	inst=http://dbpedia.org/resource/Bahrain
Bamar	inst=http://dbpedia.org/resource/Burma
Bangladeshis	inst=http://dbpedia.org/resource/Bangladesh
Barbadians	inst=http://dbpedia.org/resource/Barbados
Barbudans	inst=http://dbpedia.org/resource/Antigua_and_Barbuda
Basotho	inst=http://dbpedia.org/resource/Lesotho
Batswana	inst=http://dbpedia.org/resource/Botswana
Belarusians	inst=http://dbpedia.org/resource/Belarus
Belgians	inst=http://dbpedia.org/resource/Belgium
Belizeans	inst=http://dbpedia.org/resource/Belize
Beninese	inst=http://dbpedia.org/resource/Benin
Beninois	inst=http://dbpedia.org/resource/Benin
Bermudans	inst=http://dbpedia.org/resource/Bermuda
Bermudians	inst=http://dbpedia.org/resource/Bermuda
Bhutanese	inst=http://dbpedia.org/resource/Bhutan
Bolivians	inst=http://dbpedia.org/resource/Bolivia
Boricuas	inst=http://dbpedia.org/resource/Puerto_Rico
Bosniaks	inst=http://dbpedia.org/resource/Bosnia_and_Herzegovina
Bosnians	inst=http://dbpedia.org/resource/Bosnia_and_Herzegovina
Botswanans	inst=http://dbpedia.org/resource/Botswana
Brazilians	inst=http://dbpedia.org/resource/Brazil
British Virgin Islanders	inst=http://dbpedia.org/resource/British_Virgin_Islands
Britons	inst=http://dbpedia.org/resource/Great_Britain
Britons	inst=http://dbpedia.org/resource/United_Kingdom
Briton	inst=http://dbpedia.org/resource/Great_Britain
Briton	inst=http://dbpedia.org/resource/United_Kingdom
Bruneians	inst=http://dbpedia.org/resource/Brunei
Bulgarians	inst=http://dbpedia.org/resource/Bulgaria
Burkinabé	inst=http://dbpedia.org/resource/Burkina_Faso
Burkinabè	inst=http://dbpedia.org/resource/Burkina_Faso
Burmese	inst=http://dbpedia.org/resource/Burma
Burundians	inst=http://dbpedia.org/resource/Burundi
Cambodians	inst=http://dbpedia.org/resource/Cambodia
Cameroonians	inst=http://dbpedia.org/resource/Cameroon
Canadians	inst=http://dbpedia.org/resource/Canada
Caymanians	inst=http://dbpedia.org/resource/Cayman_Islands
Central Africans	inst=http://dbpedia.org/resource/Central_African_Republic
Chadians	inst=http://dbpedia.org/resource/Chad
Chileans	inst=http://dbpedia.org/resource/Chile
Chinese	inst=http://dbpedia.org/resource/Macau
Chinese	inst=http://dbpedia.org/resource/People%27s_Republic_of_China
Chinese	inst=http://dbpedia.org/resource/Republic_of_China
Christmas Islanders	inst=http://dbpedia.org/resource/Christmas_Island
Cocos Islanders	inst=http://dbpedia.org/resource/Cocos_%28Keeling%29_Islands
Colombians	inst=http://dbpedia.org/resource/Colombia
Comorians	inst=http://dbpedia.org/resource/Comoros
Congolese	inst=http://dbpedia.org/resource/Democratic_Republic_of_the_Congo
Congolese	inst=http://dbpedia.org/resource/Republic_of_the_Congo
Cook Islanders	inst=http://dbpedia.org/resource/Cook_Islands
Costa Ricans	inst=http://dbpedia.org/resource/Costa_Rica
Croatians	inst=http://dbpedia.org/resource/Croatia
Croats	inst=http://dbpedia.org/resource/Croatia
Cubans	inst=http://dbpedia.org/resource/Cuba
Cypriots	inst=http://dbpedia.org/resource/Cyprus
Czechs	inst=http://dbpedia.org/resource/Czech_Republic
Danes	inst=http://dbpedia.org/resource/Denmark
Dane	inst=http://dbpedia.org/resource/Denmark
Djiboutians	inst=http://dbpedia.org/resource/Djibouti
Dominicans	inst=http://dbpedia.org/resource/Dominica
Dominicans	inst=http://dbpedia.org/resource/Dominican_Republic
Dutch	inst=http://dbpedia.org/resource/Netherlands
Ecuadorians	inst=http://dbpedia.org/resource/Ecuador
Egyptians	inst=http://dbpedia.org/resource/Egypt
Emiratis	inst=http://dbpedia.org/resource/United_Arab_Emirates
Emirians	inst=http://dbpedia.org/resource/United_Arab_Emirates
English	inst=http://dbpedia.org/resource/England
Equatoguineans	inst=http://dbpedia.org/resource/Equatorial_Guinea
Equatorial Guineans	inst=http://dbpedia.org/resource/Equatorial_Guinea
Eritreans	inst=http://dbpedia.org/resource/Eritrea
Estonians	inst=http://dbpedia.org/resource/Estonia
Ethiopians	inst=http://dbpedia.org/resource/Ethiopia
Falkland Islanders	inst=http://dbpedia.org/resource/Falkland_Islands
Faroese	inst=http://dbpedia.org/resource/Faroe_Islands
Fijians	inst=http://dbpedia.org/resource/Fiji
Filipinas	inst=http://dbpedia.org/resource/Philippines
Filipinos	inst=http://dbpedia.org/resource/Philippines
Finns	inst=http://dbpedia.org/resource/Finland
Finn	inst=http://dbpedia.org/resource/Finland
French Guianese	inst=http://dbpedia.org/resource/French_Guiana
Frenchman	inst=http://dbpedia.org/resource/France
Frenchmen	inst=http://dbpedia.org/resource/France
French Polynesians	inst=http://dbpedia.org/resource/French_Polynesia
French	inst=http://dbpedia.org/resource/France
Frenchwoman	inst=http://dbpedia.org/resource/France
Frenchwomen	inst=http://dbpedia.org/resource/France
Futunans	inst=http://dbpedia.org/resource/Wallis_and_Futuna
Gabonese	inst=http://dbpedia.org/resource/Gabon
Gambians	inst=http://dbpedia.org/resource/Gambia
Georgians	inst=http://dbpedia.org/resource/Georgia
Germans	inst=http://dbpedia.org/resource/Germany
Ghanaians	inst=http://dbpedia.org/resource/Ghana
Gibraltarians	inst=http://dbpedia.org/resource/Gibraltar
Grecians	inst=http://dbpedia.org/resource/Greece
Greeks	inst=http://dbpedia.org/resource/Greece
Greenlanders	inst=http://dbpedia.org/resource/Greenland
Greenlander	inst=http://dbpedia.org/resource/Greenland
Grenadians	inst=http://dbpedia.org/resource/Grenada
Guadeloupians	inst=http://dbpedia.org/resource/Guadeloupe
Guamanians	inst=http://dbpedia.org/resource/Guam
Guatemalans	inst=http://dbpedia.org/resource/Guatemala
Guineans	inst=http://dbpedia.org/resource/Guinea
Guineans	inst=http://dbpedia.org/resource/Guinea-Bissau
Guyanese	inst=http://dbpedia.org/resource/Guyana
Haitians	inst=http://dbpedia.org/resource/Haiti
Hellenes	inst=http://dbpedia.org/resource/Greece
Hellene	inst=http://dbpedia.org/resource/Greece
Herzegovinians	inst=http://dbpedia.org/resource/Bosnia_and_Herzegovina
Hondurans	inst=http://dbpedia.org/resource/Honduras
Hongkongers	inst=http://dbpedia.org/resource/Hong_Kong
Hongkonger	inst=http://dbpedia.org/resource/Hong_Kong
Hongkongese	inst=http://dbpedia.org/resource/Hong_Kong
Hungarians	inst=http://dbpedia.org/resource/Hungary
Icelanders	inst=http://dbpedia.org/resource/Iceland
Icelander	inst=http://dbpedia.org/resource/Iceland
I-Kiribati	inst=http://dbpedia.org/resource/Kiribati
Indians	inst=http://dbpedia.org/resource/India
Indonesians	inst=http://dbpedia.org/resource/Indonesia
Iranians	inst=http://dbpedia.org/resource/Iran
Iraqis	inst=http://dbpedia.org/resource/Iraq
Irish	inst=http://dbpedia.org/resource/Ireland
Irish	inst=http://dbpedia.org/resource/Republic_of_Ireland
Israelis	inst=http://dbpedia.org/resource/Israel
Italians	inst=http://dbpedia.org/resource/Italy
Italics	inst=http://dbpedia.org/resource/Italy
Ivorians	inst=http://dbpedia.org/resource/C%C3%B4te_d%27Ivoire
Jamaicans	inst=http://dbpedia.org/resource/Jamaica
Japanese	inst=http://dbpedia.org/resource/Japan
Jordanians	inst=http://dbpedia.org/resource/Jordan
Kazakhs	inst=http://dbpedia.org/resource/Kazakhstan
Kazakhstanis	inst=http://dbpedia.org/resource/Kazakhstan
Kenyans	inst=http://dbpedia.org/resource/Kenya
Kirghiz	inst=http://dbpedia.org/resource/Kyrgyzstan
Kirgiz	inst=http://dbpedia.org/resource/Kyrgyzstan
Kittitians	inst=http://dbpedia.org/resource/St._Kitts_and_Nevis
Koreans	inst=http://dbpedia.org/resource/North_Korea
Koreans	inst=http://dbpedia.org/resource/South_Korea
Kosovars	inst=http://dbpedia.org/resource/Kosovo
Kuwaitis	inst=http://dbpedia.org/resource/Kuwait
Kyrgyzstanis	inst=http://dbpedia.org/resource/Kyrgyzstan
Kyrgyz	inst=http://dbpedia.org/resource/Kyrgyzstan
Laos	inst=http://dbpedia.org/resource/Laos
Laotians	inst=http://dbpedia.org/resource/Laos
Latvians	inst=http://dbpedia.org/resource/Latvia
Lebanese	inst=http://dbpedia.org/resource/Lebanon
Letts	inst=http://dbpedia.org/resource/Latvia
Liberians	inst=http://dbpedia.org/resource/Liberia
Libyans	inst=http://dbpedia.org/resource/Libya
Liechtensteiners	inst=http://dbpedia.org/resource/Liechtenstein
Liechtensteiner	inst=http://dbpedia.org/resource/Liechtenstein
Lithuanians	inst=http://dbpedia.org/resource/Lithuania
Luxembourgers	inst=http://dbpedia.org/resource/Luxembourg
Luxembourger	inst=http://dbpedia.org/resource/Luxembourg
Macanese	inst=http://dbpedia.org/resource/Macau
Macedonians	inst=http://dbpedia.org/resource/Republic_of_Macedonia
Magyars	inst=http://dbpedia.org/resource/Hungary
Mahoraise	inst=http://dbpedia.org/resource/Mayotte
Mahorais	inst=http://dbpedia.org/resource/Mayotte
Malagasy	inst=http://dbpedia.org/resource/Madagascar
Malawians	inst=http://dbpedia.org/resource/Malawi
Malaysians	inst=http://dbpedia.org/resource/Malaysia
Maldivians	inst=http://dbpedia.org/resource/Maldives
Malians	inst=http://dbpedia.org/resource/Mali
Maltese	inst=http://dbpedia.org/resource/Malta
Manx	inst=http://dbpedia.org/resource/Isle_of_Man
Marshallese	inst=http://dbpedia.org/resource/Marshall_Islands
Martiniquaise	inst=http://dbpedia.org/resource/Martinique
Martiniquais	inst=http://dbpedia.org/resource/Martinique
Mauritanians	inst=http://dbpedia.org/resource/Mauritania
Mauritians	inst=http://dbpedia.org/resource/Mauritius
Mexicans	inst=http://dbpedia.org/resource/Mexico
Micronesians	inst=http://dbpedia.org/resource/Micronesia
Miquelonnaise	inst=http://dbpedia.org/resource/Saint-Pierre_and_Miquelon
Miquelonnais	inst=http://dbpedia.org/resource/Saint-Pierre_and_Miquelon
Moldovans	inst=http://dbpedia.org/resource/Moldova
Monacans	inst=http://dbpedia.org/resource/Monaco
Monégasques	inst=http://dbpedia.org/resource/Monaco
Mongolians	inst=http://dbpedia.org/resource/Mongolia
Mongols	inst=http://dbpedia.org/resource/Mongolia
Montenegrins	inst=http://dbpedia.org/resource/Montenegro
Montserratians	inst=http://dbpedia.org/resource/Montserrat
Moroccans	inst=http://dbpedia.org/resource/Morocco
Mozambicans	inst=http://dbpedia.org/resource/Mozambique
Namibians	inst=http://dbpedia.org/resource/Namibia
Nauruans	inst=http://dbpedia.org/resource/Nauru
Nepalese	inst=http://dbpedia.org/resource/Nepal
Nepali	inst=http://dbpedia.org/resource/Nepal
Nevisians	inst=http://dbpedia.org/resource/St._Kitts_and_Nevis
New Caledonians	inst=http://dbpedia.org/resource/New_Caledonia
New Zealanders	inst=http://dbpedia.org/resource/New_Zealand
New Zealander	inst=http://dbpedia.org/resource/New_Zealand
Nicaraguans	inst=http://dbpedia.org/resource/Nicaragua
Nigerians	inst=http://dbpedia.org/resource/Nigeria
Nigeriennes	inst=http://dbpedia.org/resource/Niger
Nigeriens	inst=http://dbpedia.org/resource/Niger
Niueans	inst=http://dbpedia.org/resource/Niue
Ni-Vanuatu	inst=http://dbpedia.org/resource/Vanuatu
Northern Irish	inst=http://dbpedia.org/resource/Northern_Ireland
Northern Marianans	inst=http://dbpedia.org/resource/Northern_Marianas
Norwegians	inst=http://dbpedia.org/resource/Norway
Omanis	inst=http://dbpedia.org/resource/Oman
Pakistanis	inst=http://dbpedia.org/resource/Pakistan
Palauans	inst=http://dbpedia.org/resource/Palau
Palestinians	inst=http://dbpedia.org/resource/Palestine
Panamanians	inst=http://dbpedia.org/resource/Panama
Papua New Guineans	inst=http://dbpedia.org/resource/Papua_New_Guinea
Papuans	inst=http://dbpedia.org/resource/Papua_New_Guinea
Paraguayans	inst=http://dbpedia.org/resource/Paraguay
Persians	inst=http://dbpedia.org/resource/Iran
Peruvians	inst=http://dbpedia.org/resource/Peru
Pitcairn Islanders	inst=http://dbpedia.org/resource/Pitcairn_Island
Poles	inst=http://dbpedia.org/resource/Poland
Pole	inst=http://dbpedia.org/resource/Poland
Portuguese	inst=http://dbpedia.org/resource/Portugal
Puerto Ricans	inst=http://dbpedia.org/resource/Puerto_Rico
Qataris	inst=http://dbpedia.org/resource/Qatar
Réunionese	inst=http://dbpedia.org/resource/R%C3%A9union
Réunionnaise	inst=http://dbpedia.org/resource/R%C3%A9union
Réunionnais	inst=http://dbpedia.org/resource/R%C3%A9union
Romanians	inst=http://dbpedia.org/resource/Romania
Russians	inst=http://dbpedia.org/resource/Russia
Rwandans	inst=http://dbpedia.org/resource/Rwanda
Sahraouis	inst=http://dbpedia.org/resource/Western_Sahara
Sahrawis	inst=http://dbpedia.org/resource/Western_Sahara
Saint-Pierraise	inst=http://dbpedia.org/resource/Saint-Pierre_and_Miquelon
Saint-Pierrais	inst=http://dbpedia.org/resource/Saint-Pierre_and_Miquelon
Salvadorans	inst=http://dbpedia.org/resource/El_Salvador
Sammarinese	inst=http://dbpedia.org/resource/San_Marino
Samoans	inst=http://dbpedia.org/resource/Samoa
São Toméans	inst=http://dbpedia.org/resource/S%C3%A3o_Tom%C3%A9_and_Pr%C3%ADncipe
Saudi Arabians	inst=http://dbpedia.org/resource/Saudi_Arabia
Saudis	inst=http://dbpedia.org/resource/Saudi_Arabia
Scotsmen	inst=http://dbpedia.org/resource/Scotland
Scots	inst=http://dbpedia.org/resource/Scotland
Scotswomen	inst=http://dbpedia.org/resource/Scotland
Senegalese	inst=http://dbpedia.org/resource/Senegal
Serbians	inst=http://dbpedia.org/resource/Serbia
Serbs	inst=http://dbpedia.org/resource/Serbia
Seychellois	inst=http://dbpedia.org/resource/Seychelles
Sierra Leoneans	inst=http://dbpedia.org/resource/Sierra_Leone
Singaporeans	inst=http://dbpedia.org/resource/Singapore
Slovaks	inst=http://dbpedia.org/resource/Slovakia
Slovenes	inst=http://dbpedia.org/resource/Slovenia
Slovenians	inst=http://dbpedia.org/resource/Slovenia
Solomon Islanders	inst=http://dbpedia.org/resource/Solomon_Islands
Solomon Islander	inst=http://dbpedia.org/resource/Solomon_Islands
Somalians	inst=http://dbpedia.org/resource/Somalia
Somalis	inst=http://dbpedia.org/resource/Somalia
South Africans	inst=http://dbpedia.org/resource/South_Africa
Southern Irish	inst=http://dbpedia.org/resource/Republic_of_Ireland
South Ossetians	inst=http://dbpedia.org/resource/South_Ossetia
South Sudanese	inst=http://dbpedia.org/resource/South_Sudan
Spaniards	inst=http://dbpedia.org/resource/Spain
Spaniard	inst=http://dbpedia.org/resource/Spain
Sri Lankans	inst=http://dbpedia.org/resource/Sri_Lanka
St. Helenians	inst=http://dbpedia.org/resource/St._Helena
St. Lucians	inst=http://dbpedia.org/resource/St._Lucia
St. Vincentians	inst=http://dbpedia.org/resource/St._Vincent_and_the_Grenadines
Sudanese	inst=http://dbpedia.org/resource/Sudan
Surinamers	inst=http://dbpedia.org/resource/Surinam
Surinamer	inst=http://dbpedia.org/resource/Surinam
Swazis	inst=http://dbpedia.org/resource/Swaziland
Swedes	inst=http://dbpedia.org/resource/Sweden
Swede	inst=http://dbpedia.org/resource/Sweden
Swiss	inst=http://dbpedia.org/resource/Switzerland
Syrians	inst=http://dbpedia.org/resource/Syria
Tahitians	inst=http://dbpedia.org/resource/French_Polynesia
Taiwanese	inst=http://dbpedia.org/resource/Taiwan
Tajikistanis	inst=http://dbpedia.org/resource/Tajikistan
Tajiks	inst=http://dbpedia.org/resource/Tajikistan
Tanzanians	inst=http://dbpedia.org/resource/Tanzania
Thai	inst=http://dbpedia.org/resource/Thailand
Timorese	inst=http://dbpedia.org/resource/East_Timor
Tobagonians	inst=http://dbpedia.org/resource/Trinidad_and_Tobago
Togolese	inst=http://dbpedia.org/resource/Togo
Tongans	inst=http://dbpedia.org/resource/Tonga
Trinidadians	inst=http://dbpedia.org/resource/Trinidad_and_Tobago
Tunisians	inst=http://dbpedia.org/resource/Tunisia
Turkmens	inst=http://dbpedia.org/resource/Turkmenistan
Turks and Caicos Islanders	inst=http://dbpedia.org/resource/Turks_and_Caicos_Islands
Turks and Caicos Islander	inst=http://dbpedia.org/resource/Turks_and_Caicos_Islands
Turks	inst=http://dbpedia.org/resource/Turkey
Turk	inst=http://dbpedia.org/resource/Turkey
Tuvaluans	inst=http://dbpedia.org/resource/Tuvalu
Ugandans	inst=http://dbpedia.org/resource/Uganda
Ukrainians	inst=http://dbpedia.org/resource/Ukraine
Uruguayans	inst=http://dbpedia.org/resource/Uruguay
Uzbekistanis	inst=http://dbpedia.org/resource/Uzbekistan
Uzbeks	inst=http://dbpedia.org/resource/Uzbekistan
Venezuelans	inst=http://dbpedia.org/resource/Venezuela
Vietnamese	inst=http://dbpedia.org/resource/Vietnam
Vincentians	inst=http://dbpedia.org/resource/St._Vincent_and_the_Grenadines
Virgin Islanders	inst=http://dbpedia.org/resource/Virgin_Islands
Virgin Islander	inst=http://dbpedia.org/resource/Virgin_Islands
Wallisians	inst=http://dbpedia.org/resource/Wallis_and_Futuna
Welsh	inst=http://dbpedia.org/resource/Wales
Yemenis	inst=http://dbpedia.org/resource/Yemen
Zambians	inst=http://dbpedia.org/resource/Zambia
Zimbabweans	inst=http://dbpedia.org/resource/Zimbabwe
